
> simplehostel@0.0.0 prebuild
> tsc -b


> simplehostel@0.0.0 build
> tsc -b && vite build

[36mvite v5.4.11 [32mbuilding for production...[36m[39m
transforming...
../../../../E:/Projects/Fuse/SimpleHostel/node_modules/.pnpm/next-themes@0.2.1_next@14.0_d5ed7277bdf4b4a748a654c04f017339/node_modules/next-themes/dist/index.module.js (1:1576): A comment

"/*#__PURE__*/"

in "../../../../E:/Projects/Fuse/SimpleHostel/node_modules/.pnpm/next-themes@0.2.1_next@14.0_d5ed7277bdf4b4a748a654c04f017339/node_modules/next-themes/dist/index.module.js" contains an annotation that Rollup cannot interpret due to the position of the comment. The comment will be removed to avoid issues.
../../../../E:/Projects/Fuse/SimpleHostel/node_modules/.pnpm/next-themes@0.2.1_next@14.0_d5ed7277bdf4b4a748a654c04f017339/node_modules/next-themes/dist/index.module.js (1:2992): A comment

"/*#__PURE__*/"

in "../../../../E:/Projects/Fuse/SimpleHostel/node_modules/.pnpm/next-themes@0.2.1_next@14.0_d5ed7277bdf4b4a748a654c04f017339/node_modules/next-themes/dist/index.module.js" contains an annotation that Rollup cannot interpret due to the position of the comment. The comment will be removed to avoid issues.
[32m✓[39m 4482 modules transformed.
rendering chunks...
computing gzip size...
[2mdist/[22m[32mindex.html                                       [39m[1m[2m  2.57 kB[22m[1m[22m[2m │ gzip:   1.03 kB[22m
[2mdist/[22m[35massets/Dashboard-D5iD9TTy.css                    [39m[1m[2m  2.23 kB[22m[1m[22m[2m │ gzip:   0.80 kB[22m
[2mdist/[22m[35massets/Transactions-DdjxYr1F.css                 [39m[1m[2m 21.66 kB[22m[1m[22m[2m │ gzip:   3.04 kB[22m
[2mdist/[22m[35massets/index-LqVvD1LV.css                        [39m[1m[2m147.34 kB[22m[1m[22m[2m │ gzip:  21.81 kB[22m
[2mdist/[22m[36massets/useSelectedRoomStore-C4FbzxHu.js          [39m[1m[2m  0.21 kB[22m[1m[22m[2m │ gzip:   0.18 kB[22m
[2mdist/[22m[36massets/useAddedResidentStore-BazZ28fl.js         [39m[1m[2m  0.24 kB[22m[1m[22m[2m │ gzip:   0.18 kB[22m
[2mdist/[22m[36massets/useSelectedCalendarYearStore-CVi8BJyv.js  [39m[1m[2m  0.27 kB[22m[1m[22m[2m │ gzip:   0.19 kB[22m
[2mdist/[22m[36massets/adminMaintenanceHelper-BF1JHxmW.js        [39m[1m[2m  0.29 kB[22m[1m[22m[2m │ gzip:   0.19 kB[22m
[2mdist/[22m[36massets/label-CSGJSA_D.js                         [39m[1m[2m  0.38 kB[22m[1m[22m[2m │ gzip:   0.27 kB[22m
[2mdist/[22m[36massets/TextField-DMCgrbEe.js                     [39m[1m[2m  0.43 kB[22m[1m[22m[2m │ gzip:   0.29 kB[22m
[2mdist/[22m[36massets/reservations-gc8TQ4of.js                  [39m[1m[2m  0.46 kB[22m[1m[22m[2m │ gzip:   0.23 kB[22m
[2mdist/[22m[36massets/calendar-DfFElBP0.js                      [39m[1m[2m  0.46 kB[22m[1m[22m[2m │ gzip:   0.24 kB[22m
[2mdist/[22m[36massets/rooms-BrxI41mZ.js                         [39m[1m[2m  0.53 kB[22m[1m[22m[2m │ gzip:   0.27 kB[22m
[2mdist/[22m[36massets/textarea-TAGBey8X.js                      [39m[1m[2m  0.54 kB[22m[1m[22m[2m │ gzip:   0.36 kB[22m
[2mdist/[22m[36massets/staff-K0sXcD3B.js                         [39m[1m[2m  0.54 kB[22m[1m[22m[2m │ gzip:   0.28 kB[22m
[2mdist/[22m[36massets/analytics-Dhn9Pq85.js                     [39m[1m[2m  0.56 kB[22m[1m[22m[2m │ gzip:   0.26 kB[22m
[2mdist/[22m[36massets/formatters-D28fqqRE.js                    [39m[1m[2m  0.58 kB[22m[1m[22m[2m │ gzip:   0.32 kB[22m
[2mdist/[22m[36massets/payments-wXGhhIfo.js                      [39m[1m[2m  0.76 kB[22m[1m[22m[2m │ gzip:   0.31 kB[22m
[2mdist/[22m[36massets/badge-BgjdqOJ-.js                         [39m[1m[2m  0.76 kB[22m[1m[22m[2m │ gzip:   0.40 kB[22m
[2mdist/[22m[36massets/SwalMutationHelper-E6Bl4XSi.js            [39m[1m[2m  0.81 kB[22m[1m[22m[2m │ gzip:   0.49 kB[22m
[2mdist/[22m[36massets/checkbox-CuX-h00u.js                      [39m[1m[2m  0.83 kB[22m[1m[22m[2m │ gzip:   0.43 kB[22m
[2mdist/[22m[36massets/popover-S5SOCFK4.js                       [39m[1m[2m  0.83 kB[22m[1m[22m[2m │ gzip:   0.44 kB[22m
[2mdist/[22m[36massets/AnimatedValue-Cl3Q9PTm.js                 [39m[1m[2m  0.99 kB[22m[1m[22m[2m │ gzip:   0.59 kB[22m
[2mdist/[22m[36massets/ResidentForm.schema-CuF92Fcl.js           [39m[1m[2m  1.07 kB[22m[1m[22m[2m │ gzip:   0.41 kB[22m
[2mdist/[22m[36massets/zod-EJ8yh3p9.js                           [39m[1m[2m  1.07 kB[22m[1m[22m[2m │ gzip:   0.56 kB[22m
[2mdist/[22m[36massets/card-DaqCjx-L.js                          [39m[1m[2m  1.08 kB[22m[1m[22m[2m │ gzip:   0.41 kB[22m
[2mdist/[22m[36massets/stat-card-D0QfN-W-.js                     [39m[1m[2m  1.09 kB[22m[1m[22m[2m │ gzip:   0.53 kB[22m
[2mdist/[22m[36massets/ui-DfuqHCfF.js                            [39m[1m[2m  1.13 kB[22m[1m[22m[2m │ gzip:   0.52 kB[22m
[2mdist/[22m[36massets/tabs-HIq_fR6U.js                          [39m[1m[2m  1.15 kB[22m[1m[22m[2m │ gzip:   0.48 kB[22m
[2mdist/[22m[36massets/alert-CKUk6NtE.js                         [39m[1m[2m  1.16 kB[22m[1m[22m[2m │ gzip:   0.55 kB[22m
[2mdist/[22m[36massets/SEOHelmet-sqe_KsXt.js                     [39m[1m[2m  1.22 kB[22m[1m[22m[2m │ gzip:   0.57 kB[22m
[2mdist/[22m[36massets/NoHostelAssigned-RXo9648h.js              [39m[1m[2m  1.52 kB[22m[1m[22m[2m │ gzip:   0.79 kB[22m
[2mdist/[22m[36massets/residents-D3H6GFW6.js                     [39m[1m[2m  1.66 kB[22m[1m[22m[2m │ gzip:   0.53 kB[22m
[2mdist/[22m[36massets/PageHeader-BtQTtz0t.js                    [39m[1m[2m  1.72 kB[22m[1m[22m[2m │ gzip:   0.76 kB[22m
[2mdist/[22m[36massets/table-Cv-1QAVh.js                         [39m[1m[2m  1.76 kB[22m[1m[22m[2m │ gzip:   0.61 kB[22m
[2mdist/[22m[36massets/Modal-ycy1qlHx.js                         [39m[1m[2m  1.80 kB[22m[1m[22m[2m │ gzip:   0.93 kB[22m
[2mdist/[22m[36massets/form-Bok_z39U.js                          [39m[1m[2m  1.86 kB[22m[1m[22m[2m │ gzip:   0.81 kB[22m
[2mdist/[22m[36massets/ChangePassword-DLOw_7jh.js                [39m[1m[2m  1.92 kB[22m[1m[22m[2m │ gzip:   0.93 kB[22m
[2mdist/[22m[36massets/ViewRoomSkeleton-CIu-suZL.js              [39m[1m[2m  1.99 kB[22m[1m[22m[2m │ gzip:   0.65 kB[22m
[2mdist/[22m[36massets/alert-dialog-C1AnbCjv.js                  [39m[1m[2m  2.06 kB[22m[1m[22m[2m │ gzip:   0.75 kB[22m
[2mdist/[22m[36massets/dialog-18UJAMch.js                        [39m[1m[2m  2.19 kB[22m[1m[22m[2m │ gzip:   0.86 kB[22m
[2mdist/[22m[36massets/Announcements-DOTCgn8Y.js                 [39m[1m[2m  2.68 kB[22m[1m[22m[2m │ gzip:   1.25 kB[22m
[2mdist/[22m[36massets/UploadSingleImage-BvmAA02W.js             [39m[1m[2m  2.72 kB[22m[1m[22m[2m │ gzip:   1.23 kB[22m
[2mdist/[22m[36massets/login-form-B-544pWY.js                    [39m[1m[2m  2.90 kB[22m[1m[22m[2m │ gzip:   1.24 kB[22m
[2mdist/[22m[36massets/select-BT_ZSwma.js                        [39m[1m[2m  3.02 kB[22m[1m[22m[2m │ gzip:   1.12 kB[22m
[2mdist/[22m[36massets/ImageUpload-D2D94Zeo.js                   [39m[1m[2m  3.17 kB[22m[1m[22m[2m │ gzip:   1.15 kB[22m
[2mdist/[22m[36massets/CustomRefetch-BTtdgidI.js                 [39m[1m[2m  3.19 kB[22m[1m[22m[2m │ gzip:   1.42 kB[22m
[2mdist/[22m[36massets/StaffManagement-BRYd7ELu.js               [39m[1m[2m  3.22 kB[22m[1m[22m[2m │ gzip:   1.34 kB[22m
[2mdist/[22m[36massets/Documents-D-hpBgSt.js                     [39m[1m[2m  3.30 kB[22m[1m[22m[2m │ gzip:   1.48 kB[22m
[2mdist/[22m[36massets/Approve-Hostel-CCcjkRU_.js                [39m[1m[2m  3.55 kB[22m[1m[22m[2m │ gzip:   1.42 kB[22m
[2mdist/[22m[36massets/HostelManagement-BjSw-C4t.js              [39m[1m[2m  3.79 kB[22m[1m[22m[2m │ gzip:   1.71 kB[22m
[2mdist/[22m[36massets/contact-section-DQNE7PLo.js               [39m[1m[2m  3.81 kB[22m[1m[22m[2m │ gzip:   1.45 kB[22m
[2mdist/[22m[36massets/RoomCard-BhW5tJpe.js                      [39m[1m[2m  4.02 kB[22m[1m[22m[2m │ gzip:   1.46 kB[22m
[2mdist/[22m[36massets/Feedback-DDZnw04n.js                      [39m[1m[2m  4.14 kB[22m[1m[22m[2m │ gzip:   1.81 kB[22m
[2mdist/[22m[36massets/ForgetPassword-aKmdyTx6.js                [39m[1m[2m  4.19 kB[22m[1m[22m[2m │ gzip:   1.62 kB[22m
[2mdist/[22m[36massets/ReceiptPage-CumC6AjM.js                   [39m[1m[2m  4.22 kB[22m[1m[22m[2m │ gzip:   1.85 kB[22m
[2mdist/[22m[36massets/CashPaymentConfirmation-5jzGB_Uc.js       [39m[1m[2m  4.73 kB[22m[1m[22m[2m │ gzip:   1.60 kB[22m
[2mdist/[22m[36massets/Profile-k_81x0TF.js                       [39m[1m[2m  5.06 kB[22m[1m[22m[2m │ gzip:   2.10 kB[22m
[2mdist/[22m[36massets/PaymentResult-BfaAkw_c.js                 [39m[1m[2m  5.24 kB[22m[1m[22m[2m │ gzip:   1.64 kB[22m
[2mdist/[22m[36massets/Users-B47ORKva.js                         [39m[1m[2m  5.57 kB[22m[1m[22m[2m │ gzip:   2.23 kB[22m
[2mdist/[22m[36massets/BentoCard-B5uN8vbt.js                     [39m[1m[2m  5.64 kB[22m[1m[22m[2m │ gzip:   1.54 kB[22m
[2mdist/[22m[36massets/ViewStaff-DJC4U0Xg.js                     [39m[1m[2m  5.97 kB[22m[1m[22m[2m │ gzip:   1.83 kB[22m
[2mdist/[22m[36massets/CustomDataTable-BJpDshDy.js               [39m[1m[2m  6.63 kB[22m[1m[22m[2m │ gzip:   2.09 kB[22m
[2mdist/[22m[36massets/ResidentRoomDetails-CLitBY3r.js           [39m[1m[2m  6.64 kB[22m[1m[22m[2m │ gzip:   2.21 kB[22m
[2mdist/[22m[36massets/About-CLdfGh-G.js                         [39m[1m[2m  7.09 kB[22m[1m[22m[2m │ gzip:   2.22 kB[22m
[2mdist/[22m[36massets/ResetPassword-Dah9KR7n.js                 [39m[1m[2m  7.09 kB[22m[1m[22m[2m │ gzip:   2.30 kB[22m
[2mdist/[22m[36massets/RoomAssignmentAndPayment-D7V1znAm.js      [39m[1m[2m  7.22 kB[22m[1m[22m[2m │ gzip:   2.34 kB[22m
[2mdist/[22m[36massets/Services-Bzx_DyDV.js                      [39m[1m[2m  7.85 kB[22m[1m[22m[2m │ gzip:   2.59 kB[22m
[2mdist/[22m[36massets/ReceiptTemplate-DYNnBTpX.js               [39m[1m[2m  7.87 kB[22m[1m[22m[2m │ gzip:   1.97 kB[22m
[2mdist/[22m[36massets/AnnouncementDashboard-p6emHaxz.js         [39m[1m[2m  7.89 kB[22m[1m[22m[2m │ gzip:   2.71 kB[22m
[2mdist/[22m[36massets/CalendarYearDetail-CiJ0-Hr0.js            [39m[1m[2m  8.15 kB[22m[1m[22m[2m │ gzip:   2.71 kB[22m
[2mdist/[22m[36massets/TopUpPaymentForm-BhW7UUR2.js              [39m[1m[2m  8.34 kB[22m[1m[22m[2m │ gzip:   2.41 kB[22m
[2mdist/[22m[36massets/AddStaff-DmS8_XKJ.js                      [39m[1m[2m  8.63 kB[22m[1m[22m[2m │ gzip:   2.89 kB[22m
[2mdist/[22m[36massets/AnnouncementFilters-CM5EUTsc.js           [39m[1m[2m  8.77 kB[22m[1m[22m[2m │ gzip:   2.75 kB[22m
[2mdist/[22m[36massets/ResidentManagement-Bw4OycAd.js            [39m[1m[2m  8.81 kB[22m[1m[22m[2m │ gzip:   2.97 kB[22m
[2mdist/[22m[36massets/AddResident-Ceh3Av7R.js                   [39m[1m[2m  9.27 kB[22m[1m[22m[2m │ gzip:   2.22 kB[22m
[2mdist/[22m[36massets/PaymentSummaryForm-_wNO2ZHW.js            [39m[1m[2m  9.51 kB[22m[1m[22m[2m │ gzip:   2.82 kB[22m
[2mdist/[22m[36massets/EditResident-DGvRAioZ.js                  [39m[1m[2m  9.59 kB[22m[1m[22m[2m │ gzip:   2.31 kB[22m
[2mdist/[22m[36massets/CalendarYear-RRFVRedy.js                  [39m[1m[2m  9.70 kB[22m[1m[22m[2m │ gzip:   3.14 kB[22m
[2mdist/[22m[36massets/EditStaff-GRH6Jenp.js                     [39m[1m[2m  9.73 kB[22m[1m[22m[2m │ gzip:   3.18 kB[22m
[2mdist/[22m[36massets/FilterBar-B8wZ_PFj.js                     [39m[1m[2m  9.86 kB[22m[1m[22m[2m │ gzip:   3.23 kB[22m
[2mdist/[22m[36massets/DeptorsList-DwDBFk28.js                   [39m[1m[2m 10.09 kB[22m[1m[22m[2m │ gzip:   2.98 kB[22m
[2mdist/[22m[36massets/ResidentForm-D1IPPwkd.js                  [39m[1m[2m 10.23 kB[22m[1m[22m[2m │ gzip:   3.19 kB[22m
[2mdist/[22m[36massets/MaintenanceManagement-DZjBln5K.js         [39m[1m[2m 10.42 kB[22m[1m[22m[2m │ gzip:   3.16 kB[22m
[2mdist/[22m[36massets/ViewRoom-BVjlGzj2.js                      [39m[1m[2m 10.51 kB[22m[1m[22m[2m │ gzip:   2.95 kB[22m
[2mdist/[22m[36massets/VisitorManagement-D4hsfBDC.js             [39m[1m[2m 10.75 kB[22m[1m[22m[2m │ gzip:   3.50 kB[22m
[2mdist/[22m[36massets/Contact-BF8IaNZ4.js                       [39m[1m[2m 11.03 kB[22m[1m[22m[2m │ gzip:   3.71 kB[22m
[2mdist/[22m[36massets/payment-success-CoeRRTaM.js               [39m[1m[2m 11.06 kB[22m[1m[22m[2m │ gzip:   3.02 kB[22m
[2mdist/[22m[36massets/page-Cw6QTwbu.js                          [39m[1m[2m 11.15 kB[22m[1m[22m[2m │ gzip:   4.02 kB[22m
[2mdist/[22m[36massets/register-form-Z53BHpvS.js                 [39m[1m[2m 11.36 kB[22m[1m[22m[2m │ gzip:   3.95 kB[22m
[2mdist/[22m[36massets/TermsAndConditions-BbdDP8Ap.js            [39m[1m[2m 11.75 kB[22m[1m[22m[2m │ gzip:   3.25 kB[22m
[2mdist/[22m[36massets/Find-Room-NIx5qdM2.js                     [39m[1m[2m 11.76 kB[22m[1m[22m[2m │ gzip:   4.01 kB[22m
[2mdist/[22m[36massets/PaymentBilling-BZ18ZFsw.js                [39m[1m[2m 11.98 kB[22m[1m[22m[2m │ gzip:   3.72 kB[22m
[2mdist/[22m[36massets/AllocationDetails-Cs4ap4VU.js             [39m[1m[2m 12.15 kB[22m[1m[22m[2m │ gzip:   3.36 kB[22m
[2mdist/[22m[36massets/ViewResident-C5dE-Fpx.js                  [39m[1m[2m 13.48 kB[22m[1m[22m[2m │ gzip:   3.03 kB[22m
[2mdist/[22m[36massets/Resident-lookup-p-vdXfzs.js               [39m[1m[2m 13.84 kB[22m[1m[22m[2m │ gzip:   3.50 kB[22m
[2mdist/[22m[36massets/MakeRequest-CPGaZRLE.js                   [39m[1m[2m 13.97 kB[22m[1m[22m[2m │ gzip:   4.68 kB[22m
[2mdist/[22m[36massets/Settings-Bxhy1bVd.js                      [39m[1m[2m 18.90 kB[22m[1m[22m[2m │ gzip:   4.82 kB[22m
[2mdist/[22m[36massets/Transactions-CX8Ba47O.js                  [39m[1m[2m 20.40 kB[22m[1m[22m[2m │ gzip:   5.29 kB[22m
[2mdist/[22m[36massets/purify.es-BFmuJLeH.js                     [39m[1m[2m 21.93 kB[22m[1m[22m[2m │ gzip:   8.62 kB[22m
[2mdist/[22m[36massets/EmailInput-BfkhtJl5.js                    [39m[1m[2m 26.19 kB[22m[1m[22m[2m │ gzip:   7.20 kB[22m
[2mdist/[22m[36massets/Report-C2uFMblU.js                        [39m[1m[2m 33.11 kB[22m[1m[22m[2m │ gzip:   7.13 kB[22m
[2mdist/[22m[36massets/Dashboard-DCVus8_u.js                     [39m[1m[2m 36.49 kB[22m[1m[22m[2m │ gzip:   7.81 kB[22m
[2mdist/[22m[36massets/vendor-query-B-hK0LYm.js                  [39m[1m[2m 40.03 kB[22m[1m[22m[2m │ gzip:  12.13 kB[22m
[2mdist/[22m[36massets/page-BOKXNu52.js                          [39m[1m[2m 42.59 kB[22m[1m[22m[2m │ gzip:  11.32 kB[22m
[2mdist/[22m[36massets/vendor-table-D3AQu_Ym.js                  [39m[1m[2m 44.03 kB[22m[1m[22m[2m │ gzip:  12.83 kB[22m
[2mdist/[22m[36massets/RoomManagementTab-BFkcKftY.js             [39m[1m[2m 51.26 kB[22m[1m[22m[2m │ gzip:  12.37 kB[22m
[2mdist/[22m[36massets/moment-C5S46NFB.js                        [39m[1m[2m 60.81 kB[22m[1m[22m[2m │ gzip:  19.71 kB[22m
[2mdist/[22m[36massets/vendor-forms-0bcAVgCf.js                  [39m[1m[2m 85.52 kB[22m[1m[22m[2m │ gzip:  23.73 kB[22m
[2mdist/[22m[36massets/index-C7YOWiMe.js                         [39m[1m[2m 85.57 kB[22m[1m[22m[2m │ gzip:  25.58 kB[22m
[2mdist/[22m[36massets/Hostel-Listing-Form-CPhCfzo7.js           [39m[1m[2m 90.90 kB[22m[1m[22m[2m │ gzip:  45.17 kB[22m
[2mdist/[22m[36massets/vendor-motion-C6gJGygd.js                 [39m[1m[2m116.38 kB[22m[1m[22m[2m │ gzip:  38.56 kB[22m
[2mdist/[22m[36massets/index.es-HzQnGqLq.js                      [39m[1m[2m150.64 kB[22m[1m[22m[2m │ gzip:  51.53 kB[22m
[2mdist/[22m[36massets/vendor-react-lEDc9U3b.js                  [39m[1m[2m163.66 kB[22m[1m[22m[2m │ gzip:  53.47 kB[22m
[2mdist/[22m[36massets/vendor-date-B3WXMiIQ.js                   [39m[1m[2m193.31 kB[22m[1m[22m[2m │ gzip:  49.52 kB[22m
[2mdist/[22m[36massets/vendor-misc-t0CD6V0V.js                   [39m[1m[2m241.05 kB[22m[1m[22m[2m │ gzip:  74.60 kB[22m
[2mdist/[22m[36massets/vendor-ui-DXjrQ16x.js                     [39m[1m[2m267.95 kB[22m[1m[22m[2m │ gzip:  75.21 kB[22m
[2mdist/[22m[36massets/vendor-charts-C1TXh29h.js                 [39m[1m[2m398.41 kB[22m[1m[22m[2m │ gzip: 107.62 kB[22m
[2mdist/[22m[36massets/vendor-pdf-DyWfsRlQ.js                    [39m[1m[2m559.51 kB[22m[1m[22m[2m │ gzip: 165.96 kB[22m
[32m✓ built in 1m 13s[39m

✨ [vite-plugin-compression]:algorithm=gzip - compressed file successfully: 
dist/e:/Projects/Fuse/SimpleHostel/assets/About-CLdfGh-G.js.gz                      6.92kb / gzip: 2.17kb
dist/e:/Projects/Fuse/SimpleHostel/assets/alert-CKUk6NtE.js.gz                      1.13kb / gzip: 0.54kb
dist/e:/Projects/Fuse/SimpleHostel/assets/AddStaff-DmS8_XKJ.js.gz                   8.43kb / gzip: 2.82kb
dist/e:/Projects/Fuse/SimpleHostel/assets/AddResident-Ceh3Av7R.js.gz                9.05kb / gzip: 2.17kb
dist/e:/Projects/Fuse/SimpleHostel/assets/alert-dialog-C1AnbCjv.js.gz               2.01kb / gzip: 0.73kb
dist/e:/Projects/Fuse/SimpleHostel/assets/AnnouncementDashboard-p6emHaxz.js.gz      7.70kb / gzip: 2.65kb
dist/e:/Projects/Fuse/SimpleHostel/assets/AnnouncementFilters-CM5EUTsc.js.gz        8.56kb / gzip: 2.69kb
dist/e:/Projects/Fuse/SimpleHostel/assets/AllocationDetails-Cs4ap4VU.js.gz          11.87kb / gzip: 3.28kb
dist/e:/Projects/Fuse/SimpleHostel/assets/Announcements-DOTCgn8Y.js.gz              2.61kb / gzip: 1.22kb
dist/e:/Projects/Fuse/SimpleHostel/assets/Approve-Hostel-CCcjkRU_.js.gz             3.46kb / gzip: 1.38kb
dist/e:/Projects/Fuse/SimpleHostel/assets/BentoCard-B5uN8vbt.js.gz                  5.50kb / gzip: 1.50kb
dist/e:/Projects/Fuse/SimpleHostel/assets/card-DaqCjx-L.js.gz                       1.05kb / gzip: 0.40kb
dist/e:/Projects/Fuse/SimpleHostel/assets/CalendarYear-RRFVRedy.js.gz               9.47kb / gzip: 3.07kb
dist/e:/Projects/Fuse/SimpleHostel/assets/ChangePassword-DLOw_7jh.js.gz             1.88kb / gzip: 0.91kb
dist/e:/Projects/Fuse/SimpleHostel/assets/CalendarYearDetail-CiJ0-Hr0.js.gz         7.96kb / gzip: 2.65kb
dist/e:/Projects/Fuse/SimpleHostel/assets/CashPaymentConfirmation-5jzGB_Uc.js.gz    4.62kb / gzip: 1.56kb
dist/e:/Projects/Fuse/SimpleHostel/assets/contact-section-DQNE7PLo.js.gz            3.72kb / gzip: 1.42kb
dist/e:/Projects/Fuse/SimpleHostel/assets/Dashboard-D5iD9TTy.css.gz                 2.18kb / gzip: 0.79kb
dist/e:/Projects/Fuse/SimpleHostel/assets/Contact-BF8IaNZ4.js.gz                    10.77kb / gzip: 3.62kb
dist/e:/Projects/Fuse/SimpleHostel/assets/CustomRefetch-BTtdgidI.js.gz              3.11kb / gzip: 1.38kb
dist/e:/Projects/Fuse/SimpleHostel/assets/CustomDataTable-BJpDshDy.js.gz            6.47kb / gzip: 2.03kb
dist/e:/Projects/Fuse/SimpleHostel/assets/dialog-18UJAMch.js.gz                     2.14kb / gzip: 0.84kb
dist/e:/Projects/Fuse/SimpleHostel/assets/DeptorsList-DwDBFk28.js.gz                9.86kb / gzip: 2.90kb
dist/e:/Projects/Fuse/SimpleHostel/assets/Documents-D-hpBgSt.js.gz                  3.22kb / gzip: 1.45kb
dist/e:/Projects/Fuse/SimpleHostel/assets/EditResident-DGvRAioZ.js.gz               9.37kb / gzip: 2.25kb
dist/e:/Projects/Fuse/SimpleHostel/assets/EditStaff-GRH6Jenp.js.gz                  9.51kb / gzip: 3.10kb
dist/e:/Projects/Fuse/SimpleHostel/assets/Feedback-DDZnw04n.js.gz                   4.05kb / gzip: 1.77kb
dist/e:/Projects/Fuse/SimpleHostel/assets/FilterBar-B8wZ_PFj.js.gz                  9.64kb / gzip: 3.16kb
dist/e:/Projects/Fuse/SimpleHostel/assets/EmailInput-BfkhtJl5.js.gz                 25.58kb / gzip: 7.01kb
dist/e:/Projects/Fuse/SimpleHostel/assets/ForgetPassword-aKmdyTx6.js.gz             4.09kb / gzip: 1.58kb
dist/e:/Projects/Fuse/SimpleHostel/assets/form-Bok_z39U.js.gz                       1.82kb / gzip: 0.79kb
dist/e:/Projects/Fuse/SimpleHostel/assets/Dashboard-DCVus8_u.js.gz                  35.67kb / gzip: 7.58kb
dist/e:/Projects/Fuse/SimpleHostel/assets/Find-Room-NIx5qdM2.js.gz                  11.48kb / gzip: 3.92kb
dist/e:/Projects/Fuse/SimpleHostel/assets/HostelManagement-BjSw-C4t.js.gz           3.71kb / gzip: 1.67kb
dist/e:/Projects/Fuse/SimpleHostel/assets/ImageUpload-D2D94Zeo.js.gz                3.10kb / gzip: 1.12kb
dist/e:/Projects/Fuse/SimpleHostel/assets/login-form-B-544pWY.js.gz                 2.83kb / gzip: 1.21kb
dist/e:/Projects/Fuse/SimpleHostel/assets/MaintenanceManagement-DZjBln5K.js.gz      10.18kb / gzip: 3.08kb
dist/e:/Projects/Fuse/SimpleHostel/assets/Modal-ycy1qlHx.js.gz                      1.76kb / gzip: 0.91kb
dist/e:/Projects/Fuse/SimpleHostel/assets/NoHostelAssigned-RXo9648h.js.gz           1.48kb / gzip: 0.77kb
dist/e:/Projects/Fuse/SimpleHostel/assets/MakeRequest-CPGaZRLE.js.gz                13.64kb / gzip: 4.56kb
dist/e:/Projects/Fuse/SimpleHostel/assets/page-BOKXNu52.js.gz                       41.60kb / gzip: 10.98kb
dist/e:/Projects/Fuse/SimpleHostel/assets/PageHeader-BtQTtz0t.js.gz                 1.68kb / gzip: 0.74kb
dist/e:/Projects/Fuse/SimpleHostel/assets/payment-success-CoeRRTaM.js.gz            10.80kb / gzip: 2.94kb
dist/e:/Projects/Fuse/SimpleHostel/assets/PaymentResult-BfaAkw_c.js.gz              5.12kb / gzip: 1.60kb
dist/e:/Projects/Fuse/SimpleHostel/assets/PaymentBilling-BZ18ZFsw.js.gz             11.70kb / gzip: 3.63kb
dist/e:/Projects/Fuse/SimpleHostel/assets/PaymentSummaryForm-_wNO2ZHW.js.gz         9.30kb / gzip: 2.75kb
dist/e:/Projects/Fuse/SimpleHostel/assets/Profile-k_81x0TF.js.gz                    4.94kb / gzip: 2.05kb
dist/e:/Projects/Fuse/SimpleHostel/assets/ReceiptPage-CumC6AjM.js.gz                4.12kb / gzip: 1.80kb
dist/e:/Projects/Fuse/SimpleHostel/assets/ReceiptTemplate-DYNnBTpX.js.gz            7.68kb / gzip: 1.92kb
dist/e:/Projects/Fuse/SimpleHostel/assets/purify.es-BFmuJLeH.js.gz                  21.41kb / gzip: 8.42kb
dist/e:/Projects/Fuse/SimpleHostel/assets/register-form-Z53BHpvS.js.gz              11.09kb / gzip: 3.85kb
dist/e:/Projects/Fuse/SimpleHostel/assets/page-Cw6QTwbu.js.gz                       10.89kb / gzip: 3.91kb
dist/e:/Projects/Fuse/SimpleHostel/assets/ResetPassword-Dah9KR7n.js.gz              6.93kb / gzip: 2.24kb
dist/e:/Projects/Fuse/SimpleHostel/assets/ResidentForm-D1IPPwkd.js.gz               9.99kb / gzip: 3.11kb
dist/e:/Projects/Fuse/SimpleHostel/assets/Resident-lookup-p-vdXfzs.js.gz            13.52kb / gzip: 3.40kb
dist/e:/Projects/Fuse/SimpleHostel/assets/ResidentManagement-Bw4OycAd.js.gz         8.61kb / gzip: 2.90kb
dist/e:/Projects/Fuse/SimpleHostel/assets/ResidentForm.schema-CuF92Fcl.js.gz        1.04kb / gzip: 0.40kb
dist/e:/Projects/Fuse/SimpleHostel/assets/residents-D3H6GFW6.js.gz                  1.62kb / gzip: 0.52kb
dist/e:/Projects/Fuse/SimpleHostel/assets/RoomCard-BhW5tJpe.js.gz                   3.92kb / gzip: 1.42kb
dist/e:/Projects/Fuse/SimpleHostel/assets/ResidentRoomDetails-CLitBY3r.js.gz        6.49kb / gzip: 2.16kb
dist/e:/Projects/Fuse/SimpleHostel/assets/RoomAssignmentAndPayment-D7V1znAm.js.gz   7.05kb / gzip: 2.28kb
dist/e:/Projects/Fuse/SimpleHostel/assets/select-BT_ZSwma.js.gz                     2.95kb / gzip: 1.10kb
dist/e:/Projects/Fuse/SimpleHostel/assets/SEOHelmet-sqe_KsXt.js.gz                  1.19kb / gzip: 0.56kb
dist/e:/Projects/Fuse/SimpleHostel/assets/Services-Bzx_DyDV.js.gz                   7.67kb / gzip: 2.53kb
dist/e:/Projects/Fuse/SimpleHostel/assets/Settings-Bxhy1bVd.js.gz                   18.46kb / gzip: 4.70kb
dist/e:/Projects/Fuse/SimpleHostel/assets/StaffManagement-BRYd7ELu.js.gz            3.14kb / gzip: 1.31kb
dist/e:/Projects/Fuse/SimpleHostel/assets/stat-card-D0QfN-W-.js.gz                  1.06kb / gzip: 0.52kb
dist/e:/Projects/Fuse/SimpleHostel/assets/table-Cv-1QAVh.js.gz                      1.71kb / gzip: 0.60kb
dist/e:/Projects/Fuse/SimpleHostel/assets/tabs-HIq_fR6U.js.gz                       1.12kb / gzip: 0.47kb
dist/e:/Projects/Fuse/SimpleHostel/assets/TopUpPaymentForm-BhW7UUR2.js.gz           8.15kb / gzip: 2.35kb
dist/e:/Projects/Fuse/SimpleHostel/assets/TermsAndConditions-BbdDP8Ap.js.gz         11.47kb / gzip: 3.17kb
dist/e:/Projects/Fuse/SimpleHostel/assets/Report-C2uFMblU.js.gz                     32.33kb / gzip: 6.92kb
dist/e:/Projects/Fuse/SimpleHostel/assets/ui-DfuqHCfF.js.gz                         1.10kb / gzip: 0.51kb
dist/e:/Projects/Fuse/SimpleHostel/assets/Transactions-CX8Ba47O.js.gz               19.93kb / gzip: 5.15kb
dist/e:/Projects/Fuse/SimpleHostel/assets/RoomManagementTab-BFkcKftY.js.gz          50.05kb / gzip: 12.05kb
dist/e:/Projects/Fuse/SimpleHostel/assets/Users-B47ORKva.js.gz                      5.44kb / gzip: 2.17kb
dist/e:/Projects/Fuse/SimpleHostel/assets/UploadSingleImage-BvmAA02W.js.gz          2.66kb / gzip: 1.20kb
dist/e:/Projects/Fuse/SimpleHostel/assets/Transactions-DdjxYr1F.css.gz              21.15kb / gzip: 2.92kb
dist/e:/Projects/Fuse/SimpleHostel/assets/vendor-query-B-hK0LYm.js.gz               39.09kb / gzip: 11.83kb
dist/e:/Projects/Fuse/SimpleHostel/assets/ViewRoom-BVjlGzj2.js.gz                   10.27kb / gzip: 2.87kb
dist/e:/Projects/Fuse/SimpleHostel/assets/ViewResident-C5dE-Fpx.js.gz               13.17kb / gzip: 2.95kb
dist/e:/Projects/Fuse/SimpleHostel/assets/ViewRoomSkeleton-CIu-suZL.js.gz           1.94kb / gzip: 0.63kb
dist/e:/Projects/Fuse/SimpleHostel/assets/ViewStaff-DJC4U0Xg.js.gz                  5.83kb / gzip: 1.79kb
dist/e:/Projects/Fuse/SimpleHostel/assets/VisitorManagement-D4hsfBDC.js.gz          10.49kb / gzip: 3.41kb
dist/e:/Projects/Fuse/SimpleHostel/assets/vendor-table-D3AQu_Ym.js.gz               43.00kb / gzip: 12.51kb
dist/e:/Projects/Fuse/SimpleHostel/assets/zod-EJ8yh3p9.js.gz                        1.04kb / gzip: 0.54kb
dist/e:/Projects/Fuse/SimpleHostel/index.html.gz                                    2.50kb / gzip: 1.01kb
dist/e:/Projects/Fuse/SimpleHostel/assets/index-C7YOWiMe.js.gz                      83.56kb / gzip: 24.93kb
dist/e:/Projects/Fuse/SimpleHostel/assets/index-LqVvD1LV.css.gz                     143.89kb / gzip: 21.03kb
dist/e:/Projects/Fuse/SimpleHostel/assets/moment-C5S46NFB.js.gz                     59.38kb / gzip: 19.20kb
dist/e:/Projects/Fuse/SimpleHostel/assets/vendor-forms-0bcAVgCf.js.gz               83.51kb / gzip: 23.15kb
dist/e:/Projects/Fuse/SimpleHostel/assets/Hostel-Listing-Form-CPhCfzo7.js.gz        89.89kb / gzip: 44.10kb
dist/e:/Projects/Fuse/SimpleHostel/assets/vendor-motion-C6gJGygd.js.gz              113.65kb / gzip: 37.54kb
dist/e:/Projects/Fuse/SimpleHostel/assets/index.es-HzQnGqLq.js.gz                   147.15kb / gzip: 50.19kb
dist/e:/Projects/Fuse/SimpleHostel/assets/vendor-date-B3WXMiIQ.js.gz                188.78kb / gzip: 48.18kb
dist/e:/Projects/Fuse/SimpleHostel/assets/vendor-react-lEDc9U3b.js.gz               159.83kb / gzip: 52.15kb
dist/e:/Projects/Fuse/SimpleHostel/assets/vendor-misc-t0CD6V0V.js.gz                235.40kb / gzip: 72.37kb
dist/e:/Projects/Fuse/SimpleHostel/assets/vendor-ui-DXjrQ16x.js.gz                  261.67kb / gzip: 73.19kb
dist/e:/Projects/Fuse/SimpleHostel/assets/vendor-charts-C1TXh29h.js.gz              389.08kb / gzip: 104.84kb
dist/e:/Projects/Fuse/SimpleHostel/assets/vendor-pdf-DyWfsRlQ.js.gz                 547.33kb / gzip: 161.47kb



✨ [vite-plugin-compression]:algorithm=brotliCompress - compressed file successfully: 
dist/e:/Projects/Fuse/SimpleHostel/assets/About-CLdfGh-G.js.br                      6.92kb / brotliCompress: 1.78kb
dist/e:/Projects/Fuse/SimpleHostel/assets/AddResident-Ceh3Av7R.js.br                9.05kb / brotliCompress: 1.89kb
dist/e:/Projects/Fuse/SimpleHostel/assets/alert-dialog-C1AnbCjv.js.br               2.01kb / brotliCompress: 0.63kb
dist/e:/Projects/Fuse/SimpleHostel/assets/alert-CKUk6NtE.js.br                      1.13kb / brotliCompress: 0.45kb
dist/e:/Projects/Fuse/SimpleHostel/assets/AddStaff-DmS8_XKJ.js.br                   8.43kb / brotliCompress: 2.41kb
dist/e:/Projects/Fuse/SimpleHostel/assets/AnnouncementDashboard-p6emHaxz.js.br      7.70kb / brotliCompress: 2.38kb
dist/e:/Projects/Fuse/SimpleHostel/assets/AllocationDetails-Cs4ap4VU.js.br          11.87kb / brotliCompress: 2.85kb
dist/e:/Projects/Fuse/SimpleHostel/assets/Announcements-DOTCgn8Y.js.br              2.61kb / brotliCompress: 1.07kb
dist/e:/Projects/Fuse/SimpleHostel/assets/AnnouncementFilters-CM5EUTsc.js.br        8.56kb / brotliCompress: 2.39kb
dist/e:/Projects/Fuse/SimpleHostel/assets/Approve-Hostel-CCcjkRU_.js.br             3.46kb / brotliCompress: 1.20kb
dist/e:/Projects/Fuse/SimpleHostel/assets/BentoCard-B5uN8vbt.js.br                  5.50kb / brotliCompress: 1.33kb
dist/e:/Projects/Fuse/SimpleHostel/assets/CalendarYear-RRFVRedy.js.br               9.47kb / brotliCompress: 2.69kb
dist/e:/Projects/Fuse/SimpleHostel/assets/CashPaymentConfirmation-5jzGB_Uc.js.br    4.62kb / brotliCompress: 1.34kb
dist/e:/Projects/Fuse/SimpleHostel/assets/card-DaqCjx-L.js.br                       1.05kb / brotliCompress: 0.37kb
dist/e:/Projects/Fuse/SimpleHostel/assets/ChangePassword-DLOw_7jh.js.br             1.88kb / brotliCompress: 0.78kb
dist/e:/Projects/Fuse/SimpleHostel/assets/CalendarYearDetail-CiJ0-Hr0.js.br         7.96kb / brotliCompress: 2.35kb
dist/e:/Projects/Fuse/SimpleHostel/assets/Contact-BF8IaNZ4.js.br                    10.77kb / brotliCompress: 3.03kb
dist/e:/Projects/Fuse/SimpleHostel/assets/contact-section-DQNE7PLo.js.br            3.72kb / brotliCompress: 1.22kb
dist/e:/Projects/Fuse/SimpleHostel/assets/CustomRefetch-BTtdgidI.js.br              3.11kb / brotliCompress: 1.22kb
dist/e:/Projects/Fuse/SimpleHostel/assets/CustomDataTable-BJpDshDy.js.br            6.47kb / brotliCompress: 1.80kb
dist/e:/Projects/Fuse/SimpleHostel/assets/Dashboard-D5iD9TTy.css.br                 2.18kb / brotliCompress: 0.67kb
dist/e:/Projects/Fuse/SimpleHostel/assets/DeptorsList-DwDBFk28.js.br                9.86kb / brotliCompress: 2.59kb
dist/e:/Projects/Fuse/SimpleHostel/assets/dialog-18UJAMch.js.br                     2.14kb / brotliCompress: 0.74kb
dist/e:/Projects/Fuse/SimpleHostel/assets/EditResident-DGvRAioZ.js.br               9.37kb / brotliCompress: 1.98kb
dist/e:/Projects/Fuse/SimpleHostel/assets/Documents-D-hpBgSt.js.br                  3.22kb / brotliCompress: 1.26kb
dist/e:/Projects/Fuse/SimpleHostel/assets/EditStaff-GRH6Jenp.js.br                  9.51kb / brotliCompress: 2.67kb
dist/e:/Projects/Fuse/SimpleHostel/assets/Dashboard-DCVus8_u.js.br                  35.67kb / brotliCompress: 6.69kb
dist/e:/Projects/Fuse/SimpleHostel/assets/Feedback-DDZnw04n.js.br                   4.05kb / brotliCompress: 1.54kb
dist/e:/Projects/Fuse/SimpleHostel/assets/FilterBar-B8wZ_PFj.js.br                  9.64kb / brotliCompress: 2.84kb
dist/e:/Projects/Fuse/SimpleHostel/assets/form-Bok_z39U.js.br                       1.82kb / brotliCompress: 0.70kb
dist/e:/Projects/Fuse/SimpleHostel/assets/Find-Room-NIx5qdM2.js.br                  11.48kb / brotliCompress: 3.49kb
dist/e:/Projects/Fuse/SimpleHostel/assets/ForgetPassword-aKmdyTx6.js.br             4.09kb / brotliCompress: 1.36kb
dist/e:/Projects/Fuse/SimpleHostel/assets/ImageUpload-D2D94Zeo.js.br                3.10kb / brotliCompress: 0.97kb
dist/e:/Projects/Fuse/SimpleHostel/assets/HostelManagement-BjSw-C4t.js.br           3.71kb / brotliCompress: 1.50kb
dist/e:/Projects/Fuse/SimpleHostel/assets/EmailInput-BfkhtJl5.js.br                 25.58kb / brotliCompress: 6.23kb
dist/e:/Projects/Fuse/SimpleHostel/assets/login-form-B-544pWY.js.br                 2.83kb / brotliCompress: 1.04kb
dist/e:/Projects/Fuse/SimpleHostel/assets/MaintenanceManagement-DZjBln5K.js.br      10.18kb / brotliCompress: 2.69kb
dist/e:/Projects/Fuse/SimpleHostel/assets/NoHostelAssigned-RXo9648h.js.br           1.48kb / brotliCompress: 0.68kb
dist/e:/Projects/Fuse/SimpleHostel/assets/Modal-ycy1qlHx.js.br                      1.76kb / brotliCompress: 0.80kb
dist/e:/Projects/Fuse/SimpleHostel/assets/MakeRequest-CPGaZRLE.js.br                13.64kb / brotliCompress: 4.02kb
dist/e:/Projects/Fuse/SimpleHostel/assets/page-Cw6QTwbu.js.br                       10.89kb / brotliCompress: 3.45kb
dist/e:/Projects/Fuse/SimpleHostel/assets/payment-success-CoeRRTaM.js.br            10.80kb / brotliCompress: 2.60kb
dist/e:/Projects/Fuse/SimpleHostel/assets/PageHeader-BtQTtz0t.js.br                 1.68kb / brotliCompress: 0.65kb
dist/e:/Projects/Fuse/SimpleHostel/assets/PaymentResult-BfaAkw_c.js.br              5.12kb / brotliCompress: 1.39kb
dist/e:/Projects/Fuse/SimpleHostel/assets/purify.es-BFmuJLeH.js.br                  21.41kb / brotliCompress: 7.55kb
dist/e:/Projects/Fuse/SimpleHostel/assets/ReceiptPage-CumC6AjM.js.br                4.12kb / brotliCompress: 1.58kb
dist/e:/Projects/Fuse/SimpleHostel/assets/Profile-k_81x0TF.js.br                    4.94kb / brotliCompress: 1.81kb
dist/e:/Projects/Fuse/SimpleHostel/assets/ReceiptTemplate-DYNnBTpX.js.br            7.68kb / brotliCompress: 1.64kb
dist/e:/Projects/Fuse/SimpleHostel/assets/PaymentSummaryForm-_wNO2ZHW.js.br         9.30kb / brotliCompress: 2.43kb
dist/e:/Projects/Fuse/SimpleHostel/assets/page-BOKXNu52.js.br                       41.60kb / brotliCompress: 9.39kb
dist/e:/Projects/Fuse/SimpleHostel/assets/register-form-Z53BHpvS.js.br              11.09kb / brotliCompress: 3.38kb
dist/e:/Projects/Fuse/SimpleHostel/assets/Resident-lookup-p-vdXfzs.js.br            13.52kb / brotliCompress: 3.01kb
dist/e:/Projects/Fuse/SimpleHostel/assets/ResidentForm-D1IPPwkd.js.br               9.99kb / brotliCompress: 2.69kb
dist/e:/Projects/Fuse/SimpleHostel/assets/ResidentForm.schema-CuF92Fcl.js.br        1.04kb / brotliCompress: 0.32kb
dist/e:/Projects/Fuse/SimpleHostel/assets/ResetPassword-Dah9KR7n.js.br              6.93kb / brotliCompress: 1.96kb
dist/e:/Projects/Fuse/SimpleHostel/assets/Report-C2uFMblU.js.br                     32.33kb / brotliCompress: 6.11kb
dist/e:/Projects/Fuse/SimpleHostel/assets/residents-D3H6GFW6.js.br                  1.62kb / brotliCompress: 0.44kb
dist/e:/Projects/Fuse/SimpleHostel/assets/RoomAssignmentAndPayment-D7V1znAm.js.br   7.05kb / brotliCompress: 2.03kb
dist/e:/Projects/Fuse/SimpleHostel/assets/ResidentManagement-Bw4OycAd.js.br         8.61kb / brotliCompress: 2.59kb
dist/e:/Projects/Fuse/SimpleHostel/assets/RoomCard-BhW5tJpe.js.br                   3.92kb / brotliCompress: 1.25kb
dist/e:/Projects/Fuse/SimpleHostel/assets/SEOHelmet-sqe_KsXt.js.br                  1.19kb / brotliCompress: 0.43kb
dist/e:/Projects/Fuse/SimpleHostel/assets/select-BT_ZSwma.js.br                     2.95kb / brotliCompress: 0.93kb
dist/e:/Projects/Fuse/SimpleHostel/assets/StaffManagement-BRYd7ELu.js.br            3.14kb / brotliCompress: 1.18kb
dist/e:/Projects/Fuse/SimpleHostel/assets/stat-card-D0QfN-W-.js.br                  1.06kb / brotliCompress: 0.45kb
dist/e:/Projects/Fuse/SimpleHostel/assets/tabs-HIq_fR6U.js.br                       1.12kb / brotliCompress: 0.39kb
dist/e:/Projects/Fuse/SimpleHostel/assets/Services-Bzx_DyDV.js.br                   7.67kb / brotliCompress: 2.07kb
dist/e:/Projects/Fuse/SimpleHostel/assets/table-Cv-1QAVh.js.br                      1.71kb / brotliCompress: 0.50kb
dist/e:/Projects/Fuse/SimpleHostel/assets/ResidentRoomDetails-CLitBY3r.js.br        6.49kb / brotliCompress: 1.89kb
dist/e:/Projects/Fuse/SimpleHostel/assets/TopUpPaymentForm-BhW7UUR2.js.br           8.15kb / brotliCompress: 2.08kb
dist/e:/Projects/Fuse/SimpleHostel/assets/TermsAndConditions-BbdDP8Ap.js.br         11.47kb / brotliCompress: 2.47kb
dist/e:/Projects/Fuse/SimpleHostel/assets/UploadSingleImage-BvmAA02W.js.br          2.66kb / brotliCompress: 1.04kb
dist/e:/Projects/Fuse/SimpleHostel/assets/Users-B47ORKva.js.br                      5.44kb / brotliCompress: 1.93kb
dist/e:/Projects/Fuse/SimpleHostel/assets/PaymentBilling-BZ18ZFsw.js.br             11.70kb / brotliCompress: 3.21kb
dist/e:/Projects/Fuse/SimpleHostel/assets/Transactions-CX8Ba47O.js.br               19.93kb / brotliCompress: 4.57kb
dist/e:/Projects/Fuse/SimpleHostel/assets/RoomManagementTab-BFkcKftY.js.br          50.05kb / brotliCompress: 10.54kb
dist/e:/Projects/Fuse/SimpleHostel/assets/Transactions-DdjxYr1F.css.br              21.15kb / brotliCompress: 2.54kb
dist/e:/Projects/Fuse/SimpleHostel/assets/vendor-query-B-hK0LYm.js.br               39.09kb / brotliCompress: 10.64kb
dist/e:/Projects/Fuse/SimpleHostel/assets/vendor-table-D3AQu_Ym.js.br               43.00kb / brotliCompress: 11.15kb
dist/e:/Projects/Fuse/SimpleHostel/assets/ViewResident-C5dE-Fpx.js.br               13.17kb / brotliCompress: 2.63kb
dist/e:/Projects/Fuse/SimpleHostel/assets/ViewRoom-BVjlGzj2.js.br                   10.27kb / brotliCompress: 2.51kb
dist/e:/Projects/Fuse/SimpleHostel/assets/ViewRoomSkeleton-CIu-suZL.js.br           1.94kb / brotliCompress: 0.57kb
dist/e:/Projects/Fuse/SimpleHostel/assets/ViewStaff-DJC4U0Xg.js.br                  5.83kb / brotliCompress: 1.56kb
dist/e:/Projects/Fuse/SimpleHostel/assets/VisitorManagement-D4hsfBDC.js.br          10.49kb / brotliCompress: 3.03kb
dist/e:/Projects/Fuse/SimpleHostel/index.html.br                                    2.50kb / brotliCompress: 0.77kb
dist/e:/Projects/Fuse/SimpleHostel/assets/zod-EJ8yh3p9.js.br                        1.04kb / brotliCompress: 0.49kb
dist/e:/Projects/Fuse/SimpleHostel/assets/ui-DfuqHCfF.js.br                         1.10kb / brotliCompress: 0.41kb
dist/e:/Projects/Fuse/SimpleHostel/assets/Settings-Bxhy1bVd.js.br                   18.46kb / brotliCompress: 4.09kb
dist/e:/Projects/Fuse/SimpleHostel/assets/index-C7YOWiMe.js.br                      83.56kb / brotliCompress: 21.23kb
dist/e:/Projects/Fuse/SimpleHostel/assets/moment-C5S46NFB.js.br                     59.38kb / brotliCompress: 17.39kb
dist/e:/Projects/Fuse/SimpleHostel/assets/index-LqVvD1LV.css.br                     143.89kb / brotliCompress: 16.49kb
dist/e:/Projects/Fuse/SimpleHostel/assets/vendor-forms-0bcAVgCf.js.br               83.51kb / brotliCompress: 20.78kb
dist/e:/Projects/Fuse/SimpleHostel/assets/Hostel-Listing-Form-CPhCfzo7.js.br        89.89kb / brotliCompress: 37.27kb
dist/e:/Projects/Fuse/SimpleHostel/assets/index.es-HzQnGqLq.js.br                   147.15kb / brotliCompress: 44.45kb
dist/e:/Projects/Fuse/SimpleHostel/assets/vendor-motion-C6gJGygd.js.br              113.65kb / brotliCompress: 33.47kb
dist/e:/Projects/Fuse/SimpleHostel/assets/vendor-date-B3WXMiIQ.js.br                188.78kb / brotliCompress: 42.15kb
dist/e:/Projects/Fuse/SimpleHostel/assets/vendor-react-lEDc9U3b.js.br               159.83kb / brotliCompress: 45.67kb
dist/e:/Projects/Fuse/SimpleHostel/assets/vendor-misc-t0CD6V0V.js.br                235.40kb / brotliCompress: 63.48kb
dist/e:/Projects/Fuse/SimpleHostel/assets/vendor-ui-DXjrQ16x.js.br                  261.67kb / brotliCompress: 54.76kb
dist/e:/Projects/Fuse/SimpleHostel/assets/vendor-charts-C1TXh29h.js.br              389.08kb / brotliCompress: 86.61kb
dist/e:/Projects/Fuse/SimpleHostel/assets/vendor-pdf-DyWfsRlQ.js.br                 547.33kb / brotliCompress: 133.53kb


